// Jest Snapshot v1, https://goo.gl/fbAQLP

exports[`CowLimitOrderSummary Should match snapshot 1`] = `
.c0 {
  box-sizing: 'border-box';
  min-width: 0;
  margin: 0;
  padding: 0;
}

.c1 {
  display: -webkit-box;
  display: -webkit-flex;
  display: -ms-flexbox;
  display: flex;
  -webkit-flex-direction: column;
  -ms-flex-direction: column;
  flex-direction: column;
  margin-top: 0.4rem;
  margin-bottom: 1.5rem;
  -webkit-align-items: start;
  -webkit-box-align: start;
  -ms-flex-align: start;
  align-items: start;
}

.c2 {
  color: #fff;
  margin-top: 0;
  white-space: pre-wrap;
}

.c6 {
  color: #A1A6B0;
  margin: 0;
}

.c5 {
  margin-right: 1rem;
}

.c3 {
  display: -webkit-box;
  display: -webkit-flex;
  display: -ms-flexbox;
  display: flex;
  margin: 0.4rem 0;
}

.c4 {
  margin-right: 0.5rem;
  display: -webkit-inline-box;
  display: -webkit-inline-flex;
  display: -ms-inline-flexbox;
  display: inline-flex;
  -webkit-box-pack: center;
  -webkit-justify-content: center;
  -ms-flex-pack: center;
  justify-content: center;
  -webkit-align-items: center;
  -webkit-box-align: center;
  -ms-flex-align: center;
  align-items: center;
}

.c7 {
  display: Flex;
  -webkit-flex-direction: row;
  -ms-flex-direction: row;
  flex-direction: row;
  -webkit-box-pack: left;
  -webkit-justify-content: left;
  -ms-flex-pack: left;
  justify-content: left;
  -webkit-align-items: center;
  -webkit-box-align: center;
  -ms-flex-align: center;
  align-items: center;
  text-align: center;
  border-radius: 10px;
  margin: 0;
  padding: 0;
}

.c8 {
  color: #A1A6B0;
  display: -webkit-box;
  display: -webkit-flex;
  display: -ms-flexbox;
  display: flex;
  gap: 0.5rem;
  -webkit-align-items: center;
  -webkit-box-align: center;
  -ms-flex-align: center;
  align-items: center;
  -webkit-text-decoration: none;
  text-decoration: none;
  overflow-wrap: break-word;
}

.c8:hover {
  cursor: pointer;
  color: #fff;
}

.c9 {
  overflow-wrap: break-word;
}

<div>
   
  <div
    class="c0 c1 c2"
  >
    actionBuilder.action.executeLimitOrder
  </div>
  <div
    class="c0 c1"
  >
    <div
      class="c0 c3"
    >
      <span
        class="c4"
      >
        <span
          class="c5"
        />
      </span>
      <span
        class="c4"
      >
        <svg
          fill="none"
          height="1em"
          stroke="currentColor"
          stroke-linecap="round"
          stroke-linejoin="round"
          stroke-width="2"
          viewBox="0 0 24 24"
          width="1em"
          xmlns="http://www.w3.org/2000/svg"
        >
          <line
            x1="5"
            x2="19"
            y1="12"
            y2="12"
          />
          <polyline
            points="12 5 19 12 12 19"
          />
        </svg>
      </span>
      <span
        class="c4"
      >
        <span
          class="c5"
        />
      </span>
    </div>
    <div
      class="c0 c3"
    >
      Fee: 
    </div>
    <div
      class="c0 c3"
    >
      Expires in: 
      NaN duration.years_other NaN duration.months_other
    </div>
  </div>
  <div
    class="c0 c1"
  >
    <div
      class="c0 c1 c6"
    >
      <div
        class="c7"
        data-testid="block-explorer-container"
        direction="row"
      >
        <span
          class="c4"
        >
          <div
            class="paper"
            style="border-radius: 50px; display: inline-block; margin: 0px; overflow: hidden; padding: 0px; background-color: rgb(245, 163, 0); height: 24px; width: 24px;"
          >
            <svg
              height="24"
              width="24"
              x="0"
              xmlns="http://www.w3.org/2000/svg"
              y="0"
            >
              <rect
                fill="#18B7F2"
                height="24"
                rx="0"
                ry="0"
                transform="translate(-3.64229549197103 3.9302875273080358) rotate(292.6 12 12)"
                width="24"
                x="0"
                y="0"
              />
              <rect
                fill="#F27E02"
                height="24"
                rx="0"
                ry="0"
                transform="translate(-10.586767133036869 10.774685878518335) rotate(149.2 12 12)"
                width="24"
                x="0"
                y="0"
              />
              <rect
                fill="#FA5300"
                height="24"
                rx="0"
                ry="0"
                transform="translate(-17.146496219352098 3.405876630260933) rotate(176.4 12 12)"
                width="24"
                x="0"
                y="0"
              />
              <rect
                fill="#018E80"
                height="24"
                rx="0"
                ry="0"
                transform="translate(-24.089760410360498 10.109035008456289) rotate(161.5 12 12)"
                width="24"
                x="0"
                y="0"
              />
            </svg>
          </div>
        </span>
        <a
          class="c8"
          rel="noopener"
          target="_blank"
        >
          <div
            class="c0 c9"
          >
            name.eth
          </div>
          <svg
            fill="none"
            height="1em"
            stroke="currentColor"
            stroke-linecap="round"
            stroke-linejoin="round"
            stroke-width="2"
            viewBox="0 0 24 24"
            width="1em"
            xmlns="http://www.w3.org/2000/svg"
          >
            <path
              d="M18 13v6a2 2 0 0 1-2 2H5a2 2 0 0 1-2-2V8a2 2 0 0 1 2-2h6"
            />
            <polyline
              points="15 3 21 3 21 9"
            />
            <line
              x1="10"
              x2="21"
              y1="14"
              y2="3"
            />
          </svg>
        </a>
      </div>
    </div>
  </div>
   
</div>
`;

exports[`CowLimitOrderSummary Should match snapshot with default values 1`] = `
.c0 {
  box-sizing: 'border-box';
  min-width: 0;
  margin: 0;
  padding: 0;
}

.c1 {
  display: -webkit-box;
  display: -webkit-flex;
  display: -ms-flexbox;
  display: flex;
  -webkit-flex-direction: column;
  -ms-flex-direction: column;
  flex-direction: column;
  margin-top: 0.4rem;
  margin-bottom: 1.5rem;
  -webkit-align-items: start;
  -webkit-box-align: start;
  -ms-flex-align: start;
  align-items: start;
}

.c2 {
  color: #fff;
  margin-top: 0;
  white-space: pre-wrap;
}

.c6 {
  color: #A1A6B0;
  margin: 0;
}

.c5 {
  margin-right: 1rem;
}

.c3 {
  display: -webkit-box;
  display: -webkit-flex;
  display: -ms-flexbox;
  display: flex;
  margin: 0.4rem 0;
}

.c4 {
  margin-right: 0.5rem;
  display: -webkit-inline-box;
  display: -webkit-inline-flex;
  display: -ms-inline-flexbox;
  display: inline-flex;
  -webkit-box-pack: center;
  -webkit-justify-content: center;
  -ms-flex-pack: center;
  justify-content: center;
  -webkit-align-items: center;
  -webkit-box-align: center;
  -ms-flex-align: center;
  align-items: center;
}

.c7 {
  display: Flex;
  -webkit-flex-direction: row;
  -ms-flex-direction: row;
  flex-direction: row;
  -webkit-box-pack: left;
  -webkit-justify-content: left;
  -ms-flex-pack: left;
  justify-content: left;
  -webkit-align-items: center;
  -webkit-box-align: center;
  -ms-flex-align: center;
  align-items: center;
  text-align: center;
  border-radius: 10px;
  margin: 0;
  padding: 0;
}

.c8 {
  color: #A1A6B0;
  display: -webkit-box;
  display: -webkit-flex;
  display: -ms-flexbox;
  display: flex;
  gap: 0.5rem;
  -webkit-align-items: center;
  -webkit-box-align: center;
  -ms-flex-align: center;
  align-items: center;
  -webkit-text-decoration: none;
  text-decoration: none;
  overflow-wrap: break-word;
}

.c8:hover {
  cursor: pointer;
  color: #fff;
}

.c9 {
  overflow-wrap: break-word;
}

<div>
   
  <div
    class="c0 c1 c2"
  >
    actionBuilder.action.executeLimitOrder
  </div>
  <div
    class="c0 c1"
  >
    <div
      class="c0 c3"
    >
      <span
        class="c4"
      >
        <span
          class="c5"
        />
      </span>
      <span
        class="c4"
      >
        <svg
          fill="none"
          height="1em"
          stroke="currentColor"
          stroke-linecap="round"
          stroke-linejoin="round"
          stroke-width="2"
          viewBox="0 0 24 24"
          width="1em"
          xmlns="http://www.w3.org/2000/svg"
        >
          <line
            x1="5"
            x2="19"
            y1="12"
            y2="12"
          />
          <polyline
            points="12 5 19 12 12 19"
          />
        </svg>
      </span>
      <span
        class="c4"
      >
        <span
          class="c5"
        />
      </span>
    </div>
    <div
      class="c0 c3"
    >
      Fee: 
    </div>
    <div
      class="c0 c3"
    >
      Expires in: 
      NaN duration.years_other NaN duration.months_other
    </div>
  </div>
  <div
    class="c0 c1"
  >
    <div
      class="c0 c1 c6"
    >
      <div
        class="c7"
        data-testid="block-explorer-container"
        direction="row"
      >
        <span
          class="c4"
        >
          <div
            class="paper"
            style="border-radius: 50px; display: inline-block; margin: 0px; overflow: hidden; padding: 0px; background-color: rgb(245, 163, 0); height: 24px; width: 24px;"
          >
            <svg
              height="24"
              width="24"
              x="0"
              xmlns="http://www.w3.org/2000/svg"
              y="0"
            >
              <rect
                fill="#18B7F2"
                height="24"
                rx="0"
                ry="0"
                transform="translate(-3.64229549197103 3.9302875273080358) rotate(292.6 12 12)"
                width="24"
                x="0"
                y="0"
              />
              <rect
                fill="#F27E02"
                height="24"
                rx="0"
                ry="0"
                transform="translate(-10.586767133036869 10.774685878518335) rotate(149.2 12 12)"
                width="24"
                x="0"
                y="0"
              />
              <rect
                fill="#FA5300"
                height="24"
                rx="0"
                ry="0"
                transform="translate(-17.146496219352098 3.405876630260933) rotate(176.4 12 12)"
                width="24"
                x="0"
                y="0"
              />
              <rect
                fill="#018E80"
                height="24"
                rx="0"
                ry="0"
                transform="translate(-24.089760410360498 10.109035008456289) rotate(161.5 12 12)"
                width="24"
                x="0"
                y="0"
              />
            </svg>
          </div>
        </span>
        <a
          class="c8"
          rel="noopener"
          target="_blank"
        >
          <div
            class="c0 c9"
          >
            name.eth
          </div>
          <svg
            fill="none"
            height="1em"
            stroke="currentColor"
            stroke-linecap="round"
            stroke-linejoin="round"
            stroke-width="2"
            viewBox="0 0 24 24"
            width="1em"
            xmlns="http://www.w3.org/2000/svg"
          >
            <path
              d="M18 13v6a2 2 0 0 1-2 2H5a2 2 0 0 1-2-2V8a2 2 0 0 1 2-2h6"
            />
            <polyline
              points="15 3 21 3 21 9"
            />
            <line
              x1="10"
              x2="21"
              y1="14"
              y2="3"
            />
          </svg>
        </a>
      </div>
    </div>
  </div>
   
</div>
`;

exports[`CowLimitOrderSummary Should match snapshot without data 1`] = `
<div>
   
   
</div>
`;
