// Jest Snapshot v1, https://goo.gl/fbAQLP

exports[`CowLimitOrderEditor Should match snapshot 1`] = `
.c6 {
  border: none;
  background: none;
  background-color: transparent;
  box-shadow: none;
  width: 100%;
  box-sizing: border-box;
  outline: none;
}

.c4 {
  display: -webkit-box;
  display: -webkit-flex;
  display: -ms-flexbox;
  display: flex;
  -webkit-align-items: center;
  -webkit-box-align: center;
  -ms-flex-align: center;
  align-items: center;
  box-sizing: border-box;
  width: 100%;
  margin-right: 0;
  border: 1px solid #303338;
  border-radius: 1.5rem;
  padding: 0.5rem 0.8rem;
  background-color: transparent;
  outline: 1px solid #737977;
}

.c4 input {
  color: #fff;
  font-family: 'Inter',-apple-system,BlinkMacSystemFont,'Segoe UI','Roboto','Oxygen','Ubuntu','Cantarell','Fira Sans','Droid Sans','Helvetica Neue',sans-serif;
  font-size: 14px;
  font-weight: 500;
  text-align: left;
}

.c4 input::-webkit-input-placeholder {
  color: #A1A6B0;
}

.c4 input::-moz-placeholder {
  color: #A1A6B0;
}

.c4 input:-ms-input-placeholder {
  color: #A1A6B0;
}

.c4 input::placeholder {
  color: #A1A6B0;
}

.c4:hover {
  outline: 1px solid #fff;
}

.c4:focus {
  outline: 2px solid #fff;
}

.c5 {
  margin-right: 0.3rem;
  color: #737977;
}

.c7 {
  margin-left: 0.3rem;
  color: #737977;
}

.c0 {
  box-sizing: 'border-box';
  min-width: 0;
  margin: 0;
  padding: 0;
}

.c9 {
  display: -webkit-box;
  display: -webkit-flex;
  display: -ms-flexbox;
  display: flex;
  -webkit-align-items: center;
  -webkit-box-align: center;
  -ms-flex-align: center;
  align-items: center;
  cursor: pointer;
}

.c2 {
  display: -webkit-box;
  display: -webkit-flex;
  display: -ms-flexbox;
  display: flex;
  -webkit-flex-direction: column;
  -ms-flex-direction: column;
  flex-direction: column;
  margin: 0.75rem 0;
  width: 100%;
}

.c3 {
  margin-bottom: 0.75rem;
  display: -webkit-box;
  display: -webkit-flex;
  display: -ms-flexbox;
  display: flex;
  -webkit-flex-direction: row;
  -ms-flex-direction: row;
  flex-direction: row;
  color: #A1A6B0;
  font-size: 14px;
  font-weight: 500;
}

.c1 {
  display: -webkit-box;
  display: -webkit-flex;
  display: -ms-flexbox;
  display: flex;
  -webkit-align-items: stretch;
  -webkit-box-align: stretch;
  -ms-flex-align: stretch;
  align-items: stretch;
}

.c8 {
  margin-right: 1rem;
}

.c10 {
  display: -webkit-box;
  display: -webkit-flex;
  display: -ms-flexbox;
  display: flex;
  -webkit-box-pack: justify;
  -webkit-justify-content: space-between;
  -ms-flex-pack: justify;
  justify-content: space-between;
  cursor: pointer;
}

<div>
   
  <div>
    <form>
      <div
        class="c0 c1"
      >
        <div
          class="c0 c2"
        >
          <div
            class="c0 c3"
          >
            actionBuilder.inputs.sellToken
          </div>
          <div>
            <div
              class="c4"
            >
              <div
                class="c5"
              >
                <div>
                  <div
                    class="paper"
                    style="border-radius: 50px; display: inline-block; margin: 0px; overflow: hidden; padding: 0px; background-color: rgb(24, 151, 242); height: 18px; width: 18px;"
                  >
                    <svg
                      height="18"
                      width="18"
                      x="0"
                      xmlns="http://www.w3.org/2000/svg"
                      y="0"
                    >
                      <rect
                        fill="#2362E1"
                        height="18"
                        rx="0"
                        ry="0"
                        transform="translate(2.018998228945791 -3.0005497255688565) rotate(458.4 9 9)"
                        width="18"
                        x="0"
                        y="0"
                      />
                      <rect
                        fill="#F94301"
                        height="18"
                        rx="0"
                        ry="0"
                        transform="translate(-8.641945850428243 4.495697794961231) rotate(268.8 9 9)"
                        width="18"
                        x="0"
                        y="0"
                      />
                      <rect
                        fill="#FA7900"
                        height="18"
                        rx="0"
                        ry="0"
                        transform="translate(-5.10539291960705 16.582508932884398) rotate(117.3 9 9)"
                        width="18"
                        x="0"
                        y="0"
                      />
                      <rect
                        fill="#C8144A"
                        height="18"
                        rx="0"
                        ry="0"
                        transform="translate(-15.515940342410328 13.951529017583056) rotate(280.5 9 9)"
                        width="18"
                        x="0"
                        y="0"
                      />
                    </svg>
                  </div>
                </div>
              </div>
              <input
                class="c6"
                name="sellToken"
                placeholder="actionBuilder.inputs.sellToken"
                readonly=""
                value=""
              />
              <div
                class="c7"
              >
                <svg
                  fill="none"
                  height="24"
                  stroke="currentColor"
                  stroke-linecap="round"
                  stroke-linejoin="round"
                  stroke-width="2"
                  viewBox="0 0 24 24"
                  width="24"
                  xmlns="http://www.w3.org/2000/svg"
                >
                  <polyline
                    points="6 9 12 15 18 9"
                  />
                </svg>
              </div>
            </div>
          </div>
        </div>
        <div
          class="c0 c8"
        />
        <div
          class="c0 c2"
        >
          <div
            class="c0 c3"
          >
            actionBuilder.inputs.buyToken
          </div>
          <div>
            <div
              class="c4"
            >
              <div
                class="c5"
              >
                <div>
                  <div
                    class="paper"
                    style="border-radius: 50px; display: inline-block; margin: 0px; overflow: hidden; padding: 0px; background-color: rgb(24, 151, 242); height: 18px; width: 18px;"
                  >
                    <svg
                      height="18"
                      width="18"
                      x="0"
                      xmlns="http://www.w3.org/2000/svg"
                      y="0"
                    >
                      <rect
                        fill="#2362E1"
                        height="18"
                        rx="0"
                        ry="0"
                        transform="translate(2.018998228945791 -3.0005497255688565) rotate(458.4 9 9)"
                        width="18"
                        x="0"
                        y="0"
                      />
                      <rect
                        fill="#F94301"
                        height="18"
                        rx="0"
                        ry="0"
                        transform="translate(-8.641945850428243 4.495697794961231) rotate(268.8 9 9)"
                        width="18"
                        x="0"
                        y="0"
                      />
                      <rect
                        fill="#FA7900"
                        height="18"
                        rx="0"
                        ry="0"
                        transform="translate(-5.10539291960705 16.582508932884398) rotate(117.3 9 9)"
                        width="18"
                        x="0"
                        y="0"
                      />
                      <rect
                        fill="#C8144A"
                        height="18"
                        rx="0"
                        ry="0"
                        transform="translate(-15.515940342410328 13.951529017583056) rotate(280.5 9 9)"
                        width="18"
                        x="0"
                        y="0"
                      />
                    </svg>
                  </div>
                </div>
              </div>
              <input
                class="c6"
                name="buyToken"
                placeholder="actionBuilder.inputs.buyToken"
                readonly=""
                value=""
              />
              <div
                class="c7"
              >
                <svg
                  fill="none"
                  height="24"
                  stroke="currentColor"
                  stroke-linecap="round"
                  stroke-linejoin="round"
                  stroke-width="2"
                  viewBox="0 0 24 24"
                  width="24"
                  xmlns="http://www.w3.org/2000/svg"
                >
                  <polyline
                    points="6 9 12 15 18 9"
                  />
                </svg>
              </div>
            </div>
          </div>
        </div>
      </div>
      <div
        class="c0 c1"
      >
        <div
          class="c0 c2"
        >
          <div
            class="c0 c3"
          >
            actionBuilder.inputs.sellAmount
          </div>
          <div
            class="c0 c1"
          >
            <div
              class="c4"
            >
              <div
                class="c5"
              />
              <input
                aria-label="numerical input"
                autocomplete="off"
                autocorrect="off"
                class="c6"
                inputmode="decimal"
                maxlength="79"
                minlength="1"
                name="sellAmount"
                pattern="^[0-9]*[.,]?[0-9]*$"
                placeholder="0.0"
                spellcheck="false"
                type="text"
                value="5.0"
              />
              <div
                class="c7"
              >
                <div
                  aria-label="clear number"
                  class="c0 c9"
                  data-testid="clear number"
                >
                  <svg
                    fill="none"
                    height="18"
                    stroke="currentColor"
                    stroke-linecap="round"
                    stroke-linejoin="round"
                    stroke-width="2"
                    viewBox="0 0 24 24"
                    width="18"
                    xmlns="http://www.w3.org/2000/svg"
                  >
                    <line
                      x1="18"
                      x2="6"
                      y1="6"
                      y2="18"
                    />
                    <line
                      x1="6"
                      x2="18"
                      y1="6"
                      y2="18"
                    />
                  </svg>
                </div>
              </div>
            </div>
          </div>
        </div>
      </div>
      <div
        class="c0 c1"
      >
        <div
          class="c0 c2"
        >
          <div
            class="c0 c10"
          >
            <div
              class="c0 c3"
            >
              actionBuilder.inputs.unitBuyPrice
               
              in
               
              <div
                class=""
                style="margin-left: 0.5rem;"
              >
                <span
                  aria-busy="true"
                  aria-live="polite"
                >
                  <span
                    class="react-loading-skeleton"
                    style="width: 1.6rem; height: 1rem; --base-color: #333; --highlight-color: #555;"
                  >
                    ‌
                  </span>
                  <br />
                </span>
              </div>
            </div>
          </div>
          <div
            class=""
          >
            <span
              aria-busy="true"
              aria-live="polite"
            >
              <span
                class="react-loading-skeleton"
                style="height: 2.6rem; --base-color: #333; --highlight-color: #555;"
              >
                ‌
              </span>
              <br />
            </span>
          </div>
        </div>
      </div>
      <div
        class="c0 c1"
      >
        <div
          class="c0 c2"
        >
          <div
            class="c0 c3"
          >
            actionBuilder.inputs.atLeastAmount
             
          </div>
          <div
            class=""
          >
            <span
              aria-busy="true"
              aria-live="polite"
            >
              <span
                class="react-loading-skeleton"
                style="height: 2.6rem; --base-color: #333; --highlight-color: #555;"
              >
                ‌
              </span>
              <br />
            </span>
          </div>
        </div>
      </div>
      <div
        class=""
        style="margin: 1rem 0px 0px;"
      >
        <span
          aria-busy="true"
          aria-live="polite"
        >
          <span
            class="react-loading-skeleton"
            style="height: 2.6rem; --base-color: #333; --highlight-color: #555;"
          >
            ‌
          </span>
          <br />
        </span>
      </div>
    </form>
  </div>
   
</div>
`;
