// Jest Snapshot v1, https://goo.gl/fbAQLP

exports[`VoteResults matches the snapshot 1`] = `
.c3 {
  display: -webkit-inline-box;
  display: -webkit-inline-flex;
  display: -ms-inline-flexbox;
  display: inline-flex;
  height: 8px;
  width: 8px;
  background-color: #00F5F5;
  border-radius: 50%;
}

.c4 {
  display: -webkit-inline-box;
  display: -webkit-inline-flex;
  display: -ms-inline-flexbox;
  display: inline-flex;
  height: 8px;
  width: 8px;
  background-color: #FD568C;
  border-radius: 50%;
}

.c0 {
  display: -webkit-box;
  display: -webkit-flex;
  display: -ms-flexbox;
  display: flex;
  -webkit-box-pack: justify;
  -webkit-justify-content: space-between;
  -ms-flex-pack: justify;
  justify-content: space-between;
  font-weight: 400;
  font-size: 14px;
  margin: 5px 0px 5px 0px;
}

.c1 {
  display: -webkit-box;
  display: -webkit-flex;
  display: -ms-flexbox;
  display: flex;
  -webkit-align-items: center;
  -webkit-box-align: center;
  -ms-flex-align: center;
  align-items: center;
}

.c2 {
  margin-right: 0.5rem;
}

<div>
   
  <div
    class="c0"
  >
    <div
      class="c1"
    >
      <span
        class="c2"
      >
        <span
          class="c3"
          color="#00F5F5"
          size="8"
        />
      </span>
      No
    </div>
  </div>
  <div
    class="c0"
  >
    <div
      class="c1"
    >
      <span
        class="c2"
      >
        <span
          class="c4"
          color="#FD568C"
          size="8"
        />
      </span>
      Yes
    </div>
  </div>
   
</div>
`;
