// Jest Snapshot v1, https://goo.gl/fbAQLP

exports[`Treasury Page Should render without data 1`] = `
.c4 {
  width: 100%;
  min-width: 200px;
  height: 1px;
  background-color: #303338;
  margin: 0;
  padding: 0;
}

.c0 {
  box-sizing: 'border-box';
  min-width: 0;
  margin: 0;
  padding: 0;
}

.c2 {
  font-family: 'Inter',-apple-system,BlinkMacSystemFont,'Segoe UI','Roboto','Oxygen','Ubuntu','Cantarell','Fira Sans','Droid Sans','Helvetica Neue',sans-serif;
  font-size: 16px;
  line-height: 1.5;
  font-weight: 400;
}

.c2 strong,
.c2 b {
  font-weight: 600;
}

.c1 {
  border-radius: 10px;
  background-color: #181B1B;
  padding: 1px 24px 8px 24px;
}

.c3 {
  color: #DEFF4E;
}

.c5 {
  margin: 0;
  margin-left: -24px;
  width: calc(100% + 48px);
}

.c6 {
  width: 100%;
  border-collapse: collapse;
  margin-top: 1rem;
}

.c7 {
  border-bottom: 1px solid #2F3533;
}

.c8 {
  padding-bottom: 12px;
  font-weight: 400;
  text-align: left;
  font-size: 12px;
  color: #A1A6B0;
}

.c9 {
  padding-bottom: 12px;
  font-weight: 400;
  text-align: right;
  font-size: 12px;
  color: #A1A6B0;
}

<div>
   
  <div
    class="c0 c1"
  >
    <h2
      class="c2 c3"
      size="1"
    >
      treasury.treasury
    </h2>
    <div
      class="c4 c5"
    />
    <table
      class="c6"
    >
      <thead
        class="c7"
      >
        <tr>
          <th
            class="c8"
          >
            treasury.asset
          </th>
          <th
            class="c9"
          >
             treasury.tokenAmount
          </th>
        </tr>
      </thead>
      <tbody />
    </table>
  </div>
   
</div>
`;
